TimeQuest Timing Analyzer report for yi
Tue Mar 18 17:49:01 2025
Quartus II 32-bit Version 13.1.0 Build 162 10/23/2013 SJ Full Version


---------------------
; Table of Contents ;
---------------------
  1. Legal Notice
  2. TimeQuest Timing Analyzer Summary
  3. Parallel Compilation
  4. Clocks
  5. Slow 1200mV 85C Model Fmax Summary
  6. Timing Closure Recommendations
  7. Slow 1200mV 85C Model Setup Summary
  8. Slow 1200mV 85C Model Hold Summary
  9. Slow 1200mV 85C Model Recovery Summary
 10. Slow 1200mV 85C Model Removal Summary
 11. Slow 1200mV 85C Model Minimum Pulse Width Summary
 12. Slow 1200mV 85C Model Setup: 'CLK'
 13. Slow 1200mV 85C Model Setup: 'inst1'
 14. Slow 1200mV 85C Model Setup: 'inst'
 15. Slow 1200mV 85C Model Setup: 'inst2'
 16. Slow 1200mV 85C Model Hold: 'inst'
 17. Slow 1200mV 85C Model Hold: 'CLK'
 18. Slow 1200mV 85C Model Hold: 'inst1'
 19. Slow 1200mV 85C Model Hold: 'inst2'
 20. Slow 1200mV 85C Model Minimum Pulse Width: 'CLK'
 21. Slow 1200mV 85C Model Minimum Pulse Width: 'inst'
 22. Slow 1200mV 85C Model Minimum Pulse Width: 'inst1'
 23. Slow 1200mV 85C Model Minimum Pulse Width: 'inst2'
 24. Clock to Output Times
 25. Minimum Clock to Output Times
 26. Slow 1200mV 85C Model Metastability Report
 27. Slow 1200mV 0C Model Fmax Summary
 28. Slow 1200mV 0C Model Setup Summary
 29. Slow 1200mV 0C Model Hold Summary
 30. Slow 1200mV 0C Model Recovery Summary
 31. Slow 1200mV 0C Model Removal Summary
 32. Slow 1200mV 0C Model Minimum Pulse Width Summary
 33. Slow 1200mV 0C Model Setup: 'CLK'
 34. Slow 1200mV 0C Model Setup: 'inst1'
 35. Slow 1200mV 0C Model Setup: 'inst'
 36. Slow 1200mV 0C Model Setup: 'inst2'
 37. Slow 1200mV 0C Model Hold: 'CLK'
 38. Slow 1200mV 0C Model Hold: 'inst'
 39. Slow 1200mV 0C Model Hold: 'inst1'
 40. Slow 1200mV 0C Model Hold: 'inst2'
 41. Slow 1200mV 0C Model Minimum Pulse Width: 'CLK'
 42. Slow 1200mV 0C Model Minimum Pulse Width: 'inst'
 43. Slow 1200mV 0C Model Minimum Pulse Width: 'inst1'
 44. Slow 1200mV 0C Model Minimum Pulse Width: 'inst2'
 45. Clock to Output Times
 46. Minimum Clock to Output Times
 47. Slow 1200mV 0C Model Metastability Report
 48. Fast 1200mV 0C Model Setup Summary
 49. Fast 1200mV 0C Model Hold Summary
 50. Fast 1200mV 0C Model Recovery Summary
 51. Fast 1200mV 0C Model Removal Summary
 52. Fast 1200mV 0C Model Minimum Pulse Width Summary
 53. Fast 1200mV 0C Model Setup: 'CLK'
 54. Fast 1200mV 0C Model Setup: 'inst1'
 55. Fast 1200mV 0C Model Setup: 'inst'
 56. Fast 1200mV 0C Model Setup: 'inst2'
 57. Fast 1200mV 0C Model Hold: 'inst'
 58. Fast 1200mV 0C Model Hold: 'inst1'
 59. Fast 1200mV 0C Model Hold: 'CLK'
 60. Fast 1200mV 0C Model Hold: 'inst2'
 61. Fast 1200mV 0C Model Minimum Pulse Width: 'CLK'
 62. Fast 1200mV 0C Model Minimum Pulse Width: 'inst'
 63. Fast 1200mV 0C Model Minimum Pulse Width: 'inst1'
 64. Fast 1200mV 0C Model Minimum Pulse Width: 'inst2'
 65. Clock to Output Times
 66. Minimum Clock to Output Times
 67. Fast 1200mV 0C Model Metastability Report
 68. Multicorner Timing Analysis Summary
 69. Clock to Output Times
 70. Minimum Clock to Output Times
 71. Board Trace Model Assignments
 72. Input Transition Times
 73. Signal Integrity Metrics (Slow 1200mv 0c Model)
 74. Signal Integrity Metrics (Slow 1200mv 85c Model)
 75. Signal Integrity Metrics (Fast 1200mv 0c Model)
 76. Setup Transfers
 77. Hold Transfers
 78. Report TCCS
 79. Report RSKM
 80. Unconstrained Paths
 81. TimeQuest Timing Analyzer Messages



----------------
; Legal Notice ;
----------------
Copyright (C) 1991-2013 Altera Corporation
Your use of Altera Corporation's design tools, logic functions 
and other software and tools, and its AMPP partner logic 
functions, and any output files from any of the foregoing 
(including device programming or simulation files), and any 
associated documentation or information are expressly subject 
to the terms and conditions of the Altera Program License 
Subscription Agreement, Altera MegaCore Function License 
Agreement, or other applicable license agreement, including, 
without limitation, that your use is for the sole purpose of 
programming logic devices manufactured by Altera and sold by 
Altera or its authorized distributors.  Please refer to the 
applicable agreement for further details.



+--------------------------------------------------------------------------+
; TimeQuest Timing Analyzer Summary                                        ;
+--------------------+-----------------------------------------------------+
; Quartus II Version ; Version 13.1.0 Build 162 10/23/2013 SJ Full Version ;
; Revision Name      ; yi                                                  ;
; Device Family      ; Cyclone IV GX                                       ;
; Device Name        ; EP4CGX15BF14C6                                      ;
; Timing Models      ; Final                                               ;
; Delay Model        ; Combined                                            ;
; Rise/Fall Delays   ; Enabled                                             ;
+--------------------+-----------------------------------------------------+


+------------------------------------------+
; Parallel Compilation                     ;
+----------------------------+-------------+
; Processors                 ; Number      ;
+----------------------------+-------------+
; Number detected on machine ; 2           ;
; Maximum allowed            ; 2           ;
;                            ;             ;
; Average used               ; 1.00        ;
; Maximum used               ; 2           ;
;                            ;             ;
; Usage by Processor         ; % Time Used ;
;     Processor 1            ; 100.0%      ;
;     Processor 2            ; < 0.1%      ;
+----------------------------+-------------+


+-----------------------------------------------------------------------------------------------------------------------------------------------------------------------------------+
; Clocks                                                                                                                                                                            ;
+------------+------+--------+------------+-------+-------+------------+-----------+-------------+-------+--------+-----------+------------+----------+--------+--------+-----------+
; Clock Name ; Type ; Period ; Frequency  ; Rise  ; Fall  ; Duty Cycle ; Divide by ; Multiply by ; Phase ; Offset ; Edge List ; Edge Shift ; Inverted ; Master ; Source ; Targets   ;
+------------+------+--------+------------+-------+-------+------------+-----------+-------------+-------+--------+-----------+------------+----------+--------+--------+-----------+
; CLK        ; Base ; 1.000  ; 1000.0 MHz ; 0.000 ; 0.500 ;            ;           ;             ;       ;        ;           ;            ;          ;        ;        ; { CLK }   ;
; inst       ; Base ; 1.000  ; 1000.0 MHz ; 0.000 ; 0.500 ;            ;           ;             ;       ;        ;           ;            ;          ;        ;        ; { inst }  ;
; inst1      ; Base ; 1.000  ; 1000.0 MHz ; 0.000 ; 0.500 ;            ;           ;             ;       ;        ;           ;            ;          ;        ;        ; { inst1 } ;
; inst2      ; Base ; 1.000  ; 1000.0 MHz ; 0.000 ; 0.500 ;            ;           ;             ;       ;        ;           ;            ;          ;        ;        ; { inst2 } ;
+------------+------+--------+------------+-------+-------+------------+-----------+-------------+-------+--------+-----------+------------+----------+--------+--------+-----------+


+---------------------------------------------------------------------------------------------+
; Slow 1200mV 85C Model Fmax Summary                                                          ;
+-------------+-----------------+------------+------------------------------------------------+
; Fmax        ; Restricted Fmax ; Clock Name ; Note                                           ;
+-------------+-----------------+------------+------------------------------------------------+
; 1464.13 MHz ; 500.0 MHz       ; inst2      ; limit due to minimum period restriction (tmin) ;
+-------------+-----------------+------------+------------------------------------------------+
This panel reports FMAX for every clock in the design, regardless of the user-specified clock periods.  FMAX is only computed for paths where the source and destination registers or ports are driven by the same clock.  Paths of different clocks, including generated clocks, are ignored.  For paths between a clock and its inversion, FMAX is computed as if the rising and falling edges are scaled along with FMAX, such that the duty cycle (in terms of a percentage) is maintained. Altera recommends that you always use clock constraints and other slack reports for sign-off analysis.


----------------------------------
; Timing Closure Recommendations ;
----------------------------------
HTML report is unavailable in plain text report export.


+-------------------------------------+
; Slow 1200mV 85C Model Setup Summary ;
+-------+-------+---------------------+
; Clock ; Slack ; End Point TNS       ;
+-------+-------+---------------------+
; CLK   ; 0.061 ; 0.000               ;
; inst1 ; 0.160 ; 0.000               ;
; inst  ; 0.308 ; 0.000               ;
; inst2 ; 0.317 ; 0.000               ;
+-------+-------+---------------------+


+------------------------------------+
; Slow 1200mV 85C Model Hold Summary ;
+-------+-------+--------------------+
; Clock ; Slack ; End Point TNS      ;
+-------+-------+--------------------+
; inst  ; 0.003 ; 0.000              ;
; CLK   ; 0.020 ; 0.000              ;
; inst1 ; 0.107 ; 0.000              ;
; inst2 ; 0.384 ; 0.000              ;
+-------+-------+--------------------+


------------------------------------------
; Slow 1200mV 85C Model Recovery Summary ;
------------------------------------------
No paths to report.


-----------------------------------------
; Slow 1200mV 85C Model Removal Summary ;
-----------------------------------------
No paths to report.


+---------------------------------------------------+
; Slow 1200mV 85C Model Minimum Pulse Width Summary ;
+-------+--------+----------------------------------+
; Clock ; Slack  ; End Point TNS                    ;
+-------+--------+----------------------------------+
; CLK   ; -3.000 ; -4.000                           ;
; inst  ; -1.000 ; -1.000                           ;
; inst1 ; -1.000 ; -1.000                           ;
; inst2 ; -1.000 ; -1.000                           ;
+-------+--------+----------------------------------+


+---------------------------------------------------------------------------------------------------+
; Slow 1200mV 85C Model Setup: 'CLK'                                                                ;
+-------+-----------+---------+--------------+-------------+--------------+------------+------------+
; Slack ; From Node ; To Node ; Launch Clock ; Latch Clock ; Relationship ; Clock Skew ; Data Delay ;
+-------+-----------+---------+--------------+-------------+--------------+------------+------------+
; 0.061 ; inst      ; inst    ; inst         ; CLK         ; 0.500        ; 2.065      ; 2.698      ;
; 0.609 ; inst      ; inst    ; inst         ; CLK         ; 1.000        ; 2.065      ; 2.650      ;
+-------+-----------+---------+--------------+-------------+--------------+------------+------------+


+---------------------------------------------------------------------------------------------------+
; Slow 1200mV 85C Model Setup: 'inst1'                                                              ;
+-------+-----------+---------+--------------+-------------+--------------+------------+------------+
; Slack ; From Node ; To Node ; Launch Clock ; Latch Clock ; Relationship ; Clock Skew ; Data Delay ;
+-------+-----------+---------+--------------+-------------+--------------+------------+------------+
; 0.160 ; inst2     ; inst2   ; inst2        ; inst1       ; 0.500        ; 0.966      ; 1.520      ;
; 0.636 ; inst2     ; inst2   ; inst2        ; inst1       ; 1.000        ; 0.966      ; 1.544      ;
+-------+-----------+---------+--------------+-------------+--------------+------------+------------+


+---------------------------------------------------------------------------------------------------+
; Slow 1200mV 85C Model Setup: 'inst'                                                               ;
+-------+-----------+---------+--------------+-------------+--------------+------------+------------+
; Slack ; From Node ; To Node ; Launch Clock ; Latch Clock ; Relationship ; Clock Skew ; Data Delay ;
+-------+-----------+---------+--------------+-------------+--------------+------------+------------+
; 0.308 ; inst1     ; inst1   ; inst1        ; inst        ; 0.500        ; 0.800      ; 1.206      ;
; 0.748 ; inst1     ; inst1   ; inst1        ; inst        ; 1.000        ; 0.800      ; 1.266      ;
+-------+-----------+---------+--------------+-------------+--------------+------------+------------+


+---------------------------------------------------------------------------------------------------+
; Slow 1200mV 85C Model Setup: 'inst2'                                                              ;
+-------+-----------+---------+--------------+-------------+--------------+------------+------------+
; Slack ; From Node ; To Node ; Launch Clock ; Latch Clock ; Relationship ; Clock Skew ; Data Delay ;
+-------+-----------+---------+--------------+-------------+--------------+------------+------------+
; 0.317 ; inst3     ; inst3   ; inst2        ; inst2       ; 1.000        ; -0.039     ; 0.659      ;
+-------+-----------+---------+--------------+-------------+--------------+------------+------------+


+---------------------------------------------------------------------------------------------------+
; Slow 1200mV 85C Model Hold: 'inst'                                                                ;
+-------+-----------+---------+--------------+-------------+--------------+------------+------------+
; Slack ; From Node ; To Node ; Launch Clock ; Latch Clock ; Relationship ; Clock Skew ; Data Delay ;
+-------+-----------+---------+--------------+-------------+--------------+------------+------------+
; 0.003 ; inst1     ; inst1   ; inst1        ; inst        ; 0.000        ; 0.852      ; 1.211      ;
; 0.436 ; inst1     ; inst1   ; inst1        ; inst        ; -0.500       ; 0.852      ; 1.144      ;
+-------+-----------+---------+--------------+-------------+--------------+------------+------------+


+---------------------------------------------------------------------------------------------------+
; Slow 1200mV 85C Model Hold: 'CLK'                                                                 ;
+-------+-----------+---------+--------------+-------------+--------------+------------+------------+
; Slack ; From Node ; To Node ; Launch Clock ; Latch Clock ; Relationship ; Clock Skew ; Data Delay ;
+-------+-----------+---------+--------------+-------------+--------------+------------+------------+
; 0.020 ; inst      ; inst    ; inst         ; CLK         ; 0.000        ; 2.154      ; 2.550      ;
; 0.568 ; inst      ; inst    ; inst         ; CLK         ; -0.500       ; 2.154      ; 2.598      ;
+-------+-----------+---------+--------------+-------------+--------------+------------+------------+


+---------------------------------------------------------------------------------------------------+
; Slow 1200mV 85C Model Hold: 'inst1'                                                               ;
+-------+-----------+---------+--------------+-------------+--------------+------------+------------+
; Slack ; From Node ; To Node ; Launch Clock ; Latch Clock ; Relationship ; Clock Skew ; Data Delay ;
+-------+-----------+---------+--------------+-------------+--------------+------------+------------+
; 0.107 ; inst2     ; inst2   ; inst2        ; inst1       ; 0.000        ; 1.025      ; 1.488      ;
; 0.582 ; inst2     ; inst2   ; inst2        ; inst1       ; -0.500       ; 1.025      ; 1.463      ;
+-------+-----------+---------+--------------+-------------+--------------+------------+------------+


+---------------------------------------------------------------------------------------------------+
; Slow 1200mV 85C Model Hold: 'inst2'                                                               ;
+-------+-----------+---------+--------------+-------------+--------------+------------+------------+
; Slack ; From Node ; To Node ; Launch Clock ; Latch Clock ; Relationship ; Clock Skew ; Data Delay ;
+-------+-----------+---------+--------------+-------------+--------------+------------+------------+
; 0.384 ; inst3     ; inst3   ; inst2        ; inst2       ; 0.000        ; 0.039      ; 0.580      ;
+-------+-----------+---------+--------------+-------------+--------------+------------+------------+


+----------------------------------------------------------------------------------------------+
; Slow 1200mV 85C Model Minimum Pulse Width: 'CLK'                                             ;
+--------+--------------+----------------+------------------+-------+------------+-------------+
; Slack  ; Actual Width ; Required Width ; Type             ; Clock ; Clock Edge ; Target      ;
+--------+--------------+----------------+------------------+-------+------------+-------------+
; -3.000 ; 1.000        ; 4.000          ; Port Rate        ; CLK   ; Rise       ; CLK         ;
; -1.000 ; 1.000        ; 2.000          ; Min Period       ; CLK   ; Rise       ; inst        ;
; 0.152  ; 0.336        ; 0.184          ; Low Pulse Width  ; CLK   ; Rise       ; inst        ;
; 0.314  ; 0.314        ; 0.000          ; Low Pulse Width  ; CLK   ; Rise       ; inst|clk    ;
; 0.326  ; 0.326        ; 0.000          ; Low Pulse Width  ; CLK   ; Rise       ; CLK~input|o ;
; 0.445  ; 0.661        ; 0.216          ; High Pulse Width ; CLK   ; Rise       ; inst        ;
; 0.500  ; 0.500        ; 0.000          ; High Pulse Width ; CLK   ; Rise       ; CLK~input|i ;
; 0.500  ; 0.500        ; 0.000          ; Low Pulse Width  ; CLK   ; Rise       ; CLK~input|i ;
; 0.674  ; 0.674        ; 0.000          ; High Pulse Width ; CLK   ; Rise       ; CLK~input|o ;
; 0.685  ; 0.685        ; 0.000          ; High Pulse Width ; CLK   ; Rise       ; inst|clk    ;
+--------+--------------+----------------+------------------+-------+------------+-------------+


+--------------------------------------------------------------------------------------------+
; Slow 1200mV 85C Model Minimum Pulse Width: 'inst'                                          ;
+--------+--------------+----------------+------------------+-------+------------+-----------+
; Slack  ; Actual Width ; Required Width ; Type             ; Clock ; Clock Edge ; Target    ;
+--------+--------------+----------------+------------------+-------+------------+-----------+
; -1.000 ; 1.000        ; 2.000          ; Min Period       ; inst  ; Fall       ; inst1     ;
; 0.229  ; 0.445        ; 0.216          ; High Pulse Width ; inst  ; Fall       ; inst1     ;
; 0.370  ; 0.554        ; 0.184          ; Low Pulse Width  ; inst  ; Fall       ; inst1     ;
; 0.437  ; 0.437        ; 0.000          ; Low Pulse Width  ; inst  ; Rise       ; inst1|clk ;
; 0.500  ; 0.500        ; 0.000          ; High Pulse Width ; inst  ; Rise       ; inst|q    ;
; 0.500  ; 0.500        ; 0.000          ; Low Pulse Width  ; inst  ; Rise       ; inst|q    ;
; 0.561  ; 0.561        ; 0.000          ; High Pulse Width ; inst  ; Rise       ; inst1|clk ;
+--------+--------------+----------------+------------------+-------+------------+-----------+


+--------------------------------------------------------------------------------------------+
; Slow 1200mV 85C Model Minimum Pulse Width: 'inst1'                                         ;
+--------+--------------+----------------+------------------+-------+------------+-----------+
; Slack  ; Actual Width ; Required Width ; Type             ; Clock ; Clock Edge ; Target    ;
+--------+--------------+----------------+------------------+-------+------------+-----------+
; -1.000 ; 1.000        ; 2.000          ; Min Period       ; inst1 ; Fall       ; inst2     ;
; 0.220  ; 0.436        ; 0.216          ; High Pulse Width ; inst1 ; Fall       ; inst2     ;
; 0.380  ; 0.564        ; 0.184          ; Low Pulse Width  ; inst1 ; Fall       ; inst2     ;
; 0.427  ; 0.427        ; 0.000          ; Low Pulse Width  ; inst1 ; Rise       ; inst2|clk ;
; 0.500  ; 0.500        ; 0.000          ; High Pulse Width ; inst1 ; Rise       ; inst1|q   ;
; 0.500  ; 0.500        ; 0.000          ; Low Pulse Width  ; inst1 ; Rise       ; inst1|q   ;
; 0.570  ; 0.570        ; 0.000          ; High Pulse Width ; inst1 ; Rise       ; inst2|clk ;
+--------+--------------+----------------+------------------+-------+------------+-----------+


+--------------------------------------------------------------------------------------------+
; Slow 1200mV 85C Model Minimum Pulse Width: 'inst2'                                         ;
+--------+--------------+----------------+------------------+-------+------------+-----------+
; Slack  ; Actual Width ; Required Width ; Type             ; Clock ; Clock Edge ; Target    ;
+--------+--------------+----------------+------------------+-------+------------+-----------+
; -1.000 ; 1.000        ; 2.000          ; Min Period       ; inst2 ; Fall       ; inst3     ;
; 0.234  ; 0.450        ; 0.216          ; High Pulse Width ; inst2 ; Fall       ; inst3     ;
; 0.365  ; 0.549        ; 0.184          ; Low Pulse Width  ; inst2 ; Fall       ; inst3     ;
; 0.442  ; 0.442        ; 0.000          ; Low Pulse Width  ; inst2 ; Rise       ; inst3|clk ;
; 0.500  ; 0.500        ; 0.000          ; High Pulse Width ; inst2 ; Rise       ; inst2|q   ;
; 0.500  ; 0.500        ; 0.000          ; Low Pulse Width  ; inst2 ; Rise       ; inst2|q   ;
; 0.556  ; 0.556        ; 0.000          ; High Pulse Width ; inst2 ; Rise       ; inst3|clk ;
+--------+--------------+----------------+------------------+-------+------------+-----------+


+-----------------------------------------------------------------------+
; Clock to Output Times                                                 ;
+-----------+------------+-------+-------+------------+-----------------+
; Data Port ; Clock Port ; Rise  ; Fall  ; Clock Edge ; Clock Reference ;
+-----------+------------+-------+-------+------------+-----------------+
; Q0        ; inst       ; 3.922 ;       ; Rise       ; inst            ;
; Q0        ; inst       ;       ; 3.897 ; Fall       ; inst            ;
; Q1        ; inst1      ; 3.355 ;       ; Rise       ; inst1           ;
; Q1        ; inst1      ;       ; 3.274 ; Fall       ; inst1           ;
; Q2        ; inst2      ; 3.182 ;       ; Rise       ; inst2           ;
; Q2        ; inst2      ;       ; 3.103 ; Fall       ; inst2           ;
; Q3        ; inst2      ; 4.169 ; 4.087 ; Fall       ; inst2           ;
+-----------+------------+-------+-------+------------+-----------------+


+-----------------------------------------------------------------------+
; Minimum Clock to Output Times                                         ;
+-----------+------------+-------+-------+------------+-----------------+
; Data Port ; Clock Port ; Rise  ; Fall  ; Clock Edge ; Clock Reference ;
+-----------+------------+-------+-------+------------+-----------------+
; Q0        ; inst       ; 3.833 ;       ; Rise       ; inst            ;
; Q0        ; inst       ;       ; 3.807 ; Fall       ; inst            ;
; Q1        ; inst1      ; 3.258 ;       ; Rise       ; inst1           ;
; Q1        ; inst1      ;       ; 3.176 ; Fall       ; inst1           ;
; Q2        ; inst2      ; 3.092 ;       ; Rise       ; inst2           ;
; Q2        ; inst2      ;       ; 3.012 ; Fall       ; inst2           ;
; Q3        ; inst2      ; 4.029 ; 3.947 ; Fall       ; inst2           ;
+-----------+------------+-------+-------+------------+-----------------+


----------------------------------------------
; Slow 1200mV 85C Model Metastability Report ;
----------------------------------------------
No synchronizer chains to report.


+---------------------------------------------------------------------------------------------+
; Slow 1200mV 0C Model Fmax Summary                                                           ;
+-------------+-----------------+------------+------------------------------------------------+
; Fmax        ; Restricted Fmax ; Clock Name ; Note                                           ;
+-------------+-----------------+------------+------------------------------------------------+
; 1661.13 MHz ; 500.0 MHz       ; inst2      ; limit due to minimum period restriction (tmin) ;
+-------------+-----------------+------------+------------------------------------------------+
This panel reports FMAX for every clock in the design, regardless of the user-specified clock periods.  FMAX is only computed for paths where the source and destination registers or ports are driven by the same clock.  Paths of different clocks, including generated clocks, are ignored.  For paths between a clock and its inversion, FMAX is computed as if the rising and falling edges are scaled along with FMAX, such that the duty cycle (in terms of a percentage) is maintained. Altera recommends that you always use clock constraints and other slack reports for sign-off analysis.


+------------------------------------+
; Slow 1200mV 0C Model Setup Summary ;
+-------+-------+--------------------+
; Clock ; Slack ; End Point TNS      ;
+-------+-------+--------------------+
; CLK   ; 0.119 ; 0.000              ;
; inst1 ; 0.186 ; 0.000              ;
; inst  ; 0.329 ; 0.000              ;
; inst2 ; 0.398 ; 0.000              ;
+-------+-------+--------------------+


+-----------------------------------+
; Slow 1200mV 0C Model Hold Summary ;
+-------+--------+------------------+
; Clock ; Slack  ; End Point TNS    ;
+-------+--------+------------------+
; CLK   ; -0.015 ; -0.015           ;
; inst  ; 0.008  ; 0.000            ;
; inst1 ; 0.114  ; 0.000            ;
; inst2 ; 0.341  ; 0.000            ;
+-------+--------+------------------+


-----------------------------------------
; Slow 1200mV 0C Model Recovery Summary ;
-----------------------------------------
No paths to report.


----------------------------------------
; Slow 1200mV 0C Model Removal Summary ;
----------------------------------------
No paths to report.


+--------------------------------------------------+
; Slow 1200mV 0C Model Minimum Pulse Width Summary ;
+-------+--------+---------------------------------+
; Clock ; Slack  ; End Point TNS                   ;
+-------+--------+---------------------------------+
; CLK   ; -3.000 ; -4.000                          ;
; inst  ; -1.000 ; -1.000                          ;
; inst1 ; -1.000 ; -1.000                          ;
; inst2 ; -1.000 ; -1.000                          ;
+-------+--------+---------------------------------+


+---------------------------------------------------------------------------------------------------+
; Slow 1200mV 0C Model Setup: 'CLK'                                                                 ;
+-------+-----------+---------+--------------+-------------+--------------+------------+------------+
; Slack ; From Node ; To Node ; Launch Clock ; Latch Clock ; Relationship ; Clock Skew ; Data Delay ;
+-------+-----------+---------+--------------+-------------+--------------+------------+------------+
; 0.119 ; inst      ; inst    ; inst         ; CLK         ; 0.500        ; 1.903      ; 2.459      ;
; 0.675 ; inst      ; inst    ; inst         ; CLK         ; 1.000        ; 1.903      ; 2.403      ;
+-------+-----------+---------+--------------+-------------+--------------+------------+------------+


+---------------------------------------------------------------------------------------------------+
; Slow 1200mV 0C Model Setup: 'inst1'                                                               ;
+-------+-----------+---------+--------------+-------------+--------------+------------+------------+
; Slack ; From Node ; To Node ; Launch Clock ; Latch Clock ; Relationship ; Clock Skew ; Data Delay ;
+-------+-----------+---------+--------------+-------------+--------------+------------+------------+
; 0.186 ; inst2     ; inst2   ; inst2        ; inst1       ; 0.500        ; 0.861      ; 1.370      ;
; 0.655 ; inst2     ; inst2   ; inst2        ; inst1       ; 1.000        ; 0.861      ; 1.401      ;
+-------+-----------+---------+--------------+-------------+--------------+------------+------------+


+---------------------------------------------------------------------------------------------------+
; Slow 1200mV 0C Model Setup: 'inst'                                                                ;
+-------+-----------+---------+--------------+-------------+--------------+------------+------------+
; Slack ; From Node ; To Node ; Launch Clock ; Latch Clock ; Relationship ; Clock Skew ; Data Delay ;
+-------+-----------+---------+--------------+-------------+--------------+------------+------------+
; 0.329 ; inst1     ; inst1   ; inst1        ; inst        ; 0.500        ; 0.716      ; 1.082      ;
; 0.766 ; inst1     ; inst1   ; inst1        ; inst        ; 1.000        ; 0.716      ; 1.145      ;
+-------+-----------+---------+--------------+-------------+--------------+------------+------------+


+---------------------------------------------------------------------------------------------------+
; Slow 1200mV 0C Model Setup: 'inst2'                                                               ;
+-------+-----------+---------+--------------+-------------+--------------+------------+------------+
; Slack ; From Node ; To Node ; Launch Clock ; Latch Clock ; Relationship ; Clock Skew ; Data Delay ;
+-------+-----------+---------+--------------+-------------+--------------+------------+------------+
; 0.398 ; inst3     ; inst3   ; inst2        ; inst2       ; 1.000        ; -0.034     ; 0.583      ;
+-------+-----------+---------+--------------+-------------+--------------+------------+------------+


+----------------------------------------------------------------------------------------------------+
; Slow 1200mV 0C Model Hold: 'CLK'                                                                   ;
+--------+-----------+---------+--------------+-------------+--------------+------------+------------+
; Slack  ; From Node ; To Node ; Launch Clock ; Latch Clock ; Relationship ; Clock Skew ; Data Delay ;
+--------+-----------+---------+--------------+-------------+--------------+------------+------------+
; -0.015 ; inst      ; inst    ; inst         ; CLK         ; 0.000        ; 1.984      ; 2.313      ;
; 0.539  ; inst      ; inst    ; inst         ; CLK         ; -0.500       ; 1.984      ; 2.367      ;
+--------+-----------+---------+--------------+-------------+--------------+------------+------------+


+---------------------------------------------------------------------------------------------------+
; Slow 1200mV 0C Model Hold: 'inst'                                                                 ;
+-------+-----------+---------+--------------+-------------+--------------+------------+------------+
; Slack ; From Node ; To Node ; Launch Clock ; Latch Clock ; Relationship ; Clock Skew ; Data Delay ;
+-------+-----------+---------+--------------+-------------+--------------+------------+------------+
; 0.008 ; inst1     ; inst1   ; inst1        ; inst        ; 0.000        ; 0.762      ; 1.094      ;
; 0.442 ; inst1     ; inst1   ; inst1        ; inst        ; -0.500       ; 0.762      ; 1.028      ;
+-------+-----------+---------+--------------+-------------+--------------+------------+------------+


+---------------------------------------------------------------------------------------------------+
; Slow 1200mV 0C Model Hold: 'inst1'                                                                ;
+-------+-----------+---------+--------------+-------------+--------------+------------+------------+
; Slack ; From Node ; To Node ; Launch Clock ; Latch Clock ; Relationship ; Clock Skew ; Data Delay ;
+-------+-----------+---------+--------------+-------------+--------------+------------+------------+
; 0.114 ; inst2     ; inst2   ; inst2        ; inst1       ; 0.000        ; 0.912      ; 1.350      ;
; 0.583 ; inst2     ; inst2   ; inst2        ; inst1       ; -0.500       ; 0.912      ; 1.319      ;
+-------+-----------+---------+--------------+-------------+--------------+------------+------------+


+---------------------------------------------------------------------------------------------------+
; Slow 1200mV 0C Model Hold: 'inst2'                                                                ;
+-------+-----------+---------+--------------+-------------+--------------+------------+------------+
; Slack ; From Node ; To Node ; Launch Clock ; Latch Clock ; Relationship ; Clock Skew ; Data Delay ;
+-------+-----------+---------+--------------+-------------+--------------+------------+------------+
; 0.341 ; inst3     ; inst3   ; inst2        ; inst2       ; 0.000        ; 0.034      ; 0.519      ;
+-------+-----------+---------+--------------+-------------+--------------+------------+------------+


+----------------------------------------------------------------------------------------------+
; Slow 1200mV 0C Model Minimum Pulse Width: 'CLK'                                              ;
+--------+--------------+----------------+------------------+-------+------------+-------------+
; Slack  ; Actual Width ; Required Width ; Type             ; Clock ; Clock Edge ; Target      ;
+--------+--------------+----------------+------------------+-------+------------+-------------+
; -3.000 ; 1.000        ; 4.000          ; Port Rate        ; CLK   ; Rise       ; CLK         ;
; -1.000 ; 1.000        ; 2.000          ; Min Period       ; CLK   ; Rise       ; inst        ;
; 0.196  ; 0.380        ; 0.184          ; Low Pulse Width  ; CLK   ; Rise       ; inst        ;
; 0.344  ; 0.344        ; 0.000          ; Low Pulse Width  ; CLK   ; Rise       ; CLK~input|o ;
; 0.356  ; 0.356        ; 0.000          ; Low Pulse Width  ; CLK   ; Rise       ; inst|clk    ;
; 0.403  ; 0.619        ; 0.216          ; High Pulse Width ; CLK   ; Rise       ; inst        ;
; 0.500  ; 0.500        ; 0.000          ; High Pulse Width ; CLK   ; Rise       ; CLK~input|i ;
; 0.500  ; 0.500        ; 0.000          ; Low Pulse Width  ; CLK   ; Rise       ; CLK~input|i ;
; 0.643  ; 0.643        ; 0.000          ; High Pulse Width ; CLK   ; Rise       ; inst|clk    ;
; 0.656  ; 0.656        ; 0.000          ; High Pulse Width ; CLK   ; Rise       ; CLK~input|o ;
+--------+--------------+----------------+------------------+-------+------------+-------------+


+--------------------------------------------------------------------------------------------+
; Slow 1200mV 0C Model Minimum Pulse Width: 'inst'                                           ;
+--------+--------------+----------------+------------------+-------+------------+-----------+
; Slack  ; Actual Width ; Required Width ; Type             ; Clock ; Clock Edge ; Target    ;
+--------+--------------+----------------+------------------+-------+------------+-----------+
; -1.000 ; 1.000        ; 2.000          ; Min Period       ; inst  ; Fall       ; inst1     ;
; 0.245  ; 0.461        ; 0.216          ; High Pulse Width ; inst  ; Fall       ; inst1     ;
; 0.353  ; 0.537        ; 0.184          ; Low Pulse Width  ; inst  ; Fall       ; inst1     ;
; 0.446  ; 0.446        ; 0.000          ; Low Pulse Width  ; inst  ; Rise       ; inst1|clk ;
; 0.500  ; 0.500        ; 0.000          ; High Pulse Width ; inst  ; Rise       ; inst|q    ;
; 0.500  ; 0.500        ; 0.000          ; Low Pulse Width  ; inst  ; Rise       ; inst|q    ;
; 0.551  ; 0.551        ; 0.000          ; High Pulse Width ; inst  ; Rise       ; inst1|clk ;
+--------+--------------+----------------+------------------+-------+------------+-----------+


+--------------------------------------------------------------------------------------------+
; Slow 1200mV 0C Model Minimum Pulse Width: 'inst1'                                          ;
+--------+--------------+----------------+------------------+-------+------------+-----------+
; Slack  ; Actual Width ; Required Width ; Type             ; Clock ; Clock Edge ; Target    ;
+--------+--------------+----------------+------------------+-------+------------+-----------+
; -1.000 ; 1.000        ; 2.000          ; Min Period       ; inst1 ; Fall       ; inst2     ;
; 0.253  ; 0.469        ; 0.216          ; High Pulse Width ; inst1 ; Fall       ; inst2     ;
; 0.347  ; 0.531        ; 0.184          ; Low Pulse Width  ; inst1 ; Fall       ; inst2     ;
; 0.454  ; 0.454        ; 0.000          ; Low Pulse Width  ; inst1 ; Rise       ; inst2|clk ;
; 0.500  ; 0.500        ; 0.000          ; High Pulse Width ; inst1 ; Rise       ; inst1|q   ;
; 0.500  ; 0.500        ; 0.000          ; Low Pulse Width  ; inst1 ; Rise       ; inst1|q   ;
; 0.545  ; 0.545        ; 0.000          ; High Pulse Width ; inst1 ; Rise       ; inst2|clk ;
+--------+--------------+----------------+------------------+-------+------------+-----------+


+--------------------------------------------------------------------------------------------+
; Slow 1200mV 0C Model Minimum Pulse Width: 'inst2'                                          ;
+--------+--------------+----------------+------------------+-------+------------+-----------+
; Slack  ; Actual Width ; Required Width ; Type             ; Clock ; Clock Edge ; Target    ;
+--------+--------------+----------------+------------------+-------+------------+-----------+
; -1.000 ; 1.000        ; 2.000          ; Min Period       ; inst2 ; Fall       ; inst3     ;
; 0.251  ; 0.467        ; 0.216          ; High Pulse Width ; inst2 ; Fall       ; inst3     ;
; 0.349  ; 0.533        ; 0.184          ; Low Pulse Width  ; inst2 ; Fall       ; inst3     ;
; 0.452  ; 0.452        ; 0.000          ; Low Pulse Width  ; inst2 ; Rise       ; inst3|clk ;
; 0.500  ; 0.500        ; 0.000          ; High Pulse Width ; inst2 ; Rise       ; inst2|q   ;
; 0.500  ; 0.500        ; 0.000          ; Low Pulse Width  ; inst2 ; Rise       ; inst2|q   ;
; 0.547  ; 0.547        ; 0.000          ; High Pulse Width ; inst2 ; Rise       ; inst3|clk ;
+--------+--------------+----------------+------------------+-------+------------+-----------+


+-----------------------------------------------------------------------+
; Clock to Output Times                                                 ;
+-----------+------------+-------+-------+------------+-----------------+
; Data Port ; Clock Port ; Rise  ; Fall  ; Clock Edge ; Clock Reference ;
+-----------+------------+-------+-------+------------+-----------------+
; Q0        ; inst       ; 3.443 ;       ; Rise       ; inst            ;
; Q0        ; inst       ;       ; 3.415 ; Fall       ; inst            ;
; Q1        ; inst1      ; 2.996 ;       ; Rise       ; inst1           ;
; Q1        ; inst1      ;       ; 2.879 ; Fall       ; inst1           ;
; Q2        ; inst2      ; 2.833 ;       ; Rise       ; inst2           ;
; Q2        ; inst2      ;       ; 2.730 ; Fall       ; inst2           ;
; Q3        ; inst2      ; 3.718 ; 3.609 ; Fall       ; inst2           ;
+-----------+------------+-------+-------+------------+-----------------+


+-----------------------------------------------------------------------+
; Minimum Clock to Output Times                                         ;
+-----------+------------+-------+-------+------------+-----------------+
; Data Port ; Clock Port ; Rise  ; Fall  ; Clock Edge ; Clock Reference ;
+-----------+------------+-------+-------+------------+-----------------+
; Q0        ; inst       ; 3.361 ;       ; Rise       ; inst            ;
; Q0        ; inst       ;       ; 3.332 ; Fall       ; inst            ;
; Q1        ; inst1      ; 2.905 ;       ; Rise       ; inst1           ;
; Q1        ; inst1      ;       ; 2.789 ; Fall       ; inst1           ;
; Q2        ; inst2      ; 2.750 ;       ; Rise       ; inst2           ;
; Q2        ; inst2      ;       ; 2.646 ; Fall       ; inst2           ;
; Q3        ; inst2      ; 3.592 ; 3.483 ; Fall       ; inst2           ;
+-----------+------------+-------+-------+------------+-----------------+


---------------------------------------------
; Slow 1200mV 0C Model Metastability Report ;
---------------------------------------------
No synchronizer chains to report.


+------------------------------------+
; Fast 1200mV 0C Model Setup Summary ;
+-------+-------+--------------------+
; Clock ; Slack ; End Point TNS      ;
+-------+-------+--------------------+
; CLK   ; 0.217 ; 0.000              ;
; inst1 ; 0.354 ; 0.000              ;
; inst  ; 0.413 ; 0.000              ;
; inst2 ; 0.624 ; 0.000              ;
+-------+-------+--------------------+


+-----------------------------------+
; Fast 1200mV 0C Model Hold Summary ;
+-------+--------+------------------+
; Clock ; Slack  ; End Point TNS    ;
+-------+--------+------------------+
; inst  ; -0.029 ; -0.029           ;
; inst1 ; 0.014  ; 0.000            ;
; CLK   ; 0.028  ; 0.000            ;
; inst2 ; 0.206  ; 0.000            ;
+-------+--------+------------------+


-----------------------------------------
; Fast 1200mV 0C Model Recovery Summary ;
-----------------------------------------
No paths to report.


----------------------------------------
; Fast 1200mV 0C Model Removal Summary ;
----------------------------------------
No paths to report.


+--------------------------------------------------+
; Fast 1200mV 0C Model Minimum Pulse Width Summary ;
+-------+--------+---------------------------------+
; Clock ; Slack  ; End Point TNS                   ;
+-------+--------+---------------------------------+
; CLK   ; -3.000 ; -4.097                          ;
; inst  ; -1.000 ; -1.000                          ;
; inst1 ; -1.000 ; -1.000                          ;
; inst2 ; -1.000 ; -1.000                          ;
+-------+--------+---------------------------------+


+---------------------------------------------------------------------------------------------------+
; Fast 1200mV 0C Model Setup: 'CLK'                                                                 ;
+-------+-----------+---------+--------------+-------------+--------------+------------+------------+
; Slack ; From Node ; To Node ; Launch Clock ; Latch Clock ; Relationship ; Clock Skew ; Data Delay ;
+-------+-----------+---------+--------------+-------------+--------------+------------+------------+
; 0.217 ; inst      ; inst    ; inst         ; CLK         ; 0.500        ; 1.126      ; 1.501      ;
; 0.751 ; inst      ; inst    ; inst         ; CLK         ; 1.000        ; 1.126      ; 1.467      ;
+-------+-----------+---------+--------------+-------------+--------------+------------+------------+


+---------------------------------------------------------------------------------------------------+
; Fast 1200mV 0C Model Setup: 'inst1'                                                               ;
+-------+-----------+---------+--------------+-------------+--------------+------------+------------+
; Slack ; From Node ; To Node ; Launch Clock ; Latch Clock ; Relationship ; Clock Skew ; Data Delay ;
+-------+-----------+---------+--------------+-------------+--------------+------------+------------+
; 0.354 ; inst2     ; inst2   ; inst2        ; inst1       ; 0.500        ; 0.555      ; 0.813      ;
; 0.844 ; inst2     ; inst2   ; inst2        ; inst1       ; 1.000        ; 0.555      ; 0.823      ;
+-------+-----------+---------+--------------+-------------+--------------+------------+------------+


+---------------------------------------------------------------------------------------------------+
; Fast 1200mV 0C Model Setup: 'inst'                                                                ;
+-------+-----------+---------+--------------+-------------+--------------+------------+------------+
; Slack ; From Node ; To Node ; Launch Clock ; Latch Clock ; Relationship ; Clock Skew ; Data Delay ;
+-------+-----------+---------+--------------+-------------+--------------+------------+------------+
; 0.413 ; inst1     ; inst1   ; inst1        ; inst        ; 0.500        ; 0.457      ; 0.656      ;
; 0.892 ; inst1     ; inst1   ; inst1        ; inst        ; 1.000        ; 0.457      ; 0.677      ;
+-------+-----------+---------+--------------+-------------+--------------+------------+------------+


+---------------------------------------------------------------------------------------------------+
; Fast 1200mV 0C Model Setup: 'inst2'                                                               ;
+-------+-----------+---------+--------------+-------------+--------------+------------+------------+
; Slack ; From Node ; To Node ; Launch Clock ; Latch Clock ; Relationship ; Clock Skew ; Data Delay ;
+-------+-----------+---------+--------------+-------------+--------------+------------+------------+
; 0.624 ; inst3     ; inst3   ; inst2        ; inst2       ; 1.000        ; -0.024     ; 0.359      ;
+-------+-----------+---------+--------------+-------------+--------------+------------+------------+


+----------------------------------------------------------------------------------------------------+
; Fast 1200mV 0C Model Hold: 'inst'                                                                  ;
+--------+-----------+---------+--------------+-------------+--------------+------------+------------+
; Slack  ; From Node ; To Node ; Launch Clock ; Latch Clock ; Relationship ; Clock Skew ; Data Delay ;
+--------+-----------+---------+--------------+-------------+--------------+------------+------------+
; -0.029 ; inst1     ; inst1   ; inst1        ; inst        ; 0.000        ; 0.488      ; 0.648      ;
; 0.446  ; inst1     ; inst1   ; inst1        ; inst        ; -0.500       ; 0.488      ; 0.623      ;
+--------+-----------+---------+--------------+-------------+--------------+------------+------------+


+---------------------------------------------------------------------------------------------------+
; Fast 1200mV 0C Model Hold: 'inst1'                                                                ;
+-------+-----------+---------+--------------+-------------+--------------+------------+------------+
; Slack ; From Node ; To Node ; Launch Clock ; Latch Clock ; Relationship ; Clock Skew ; Data Delay ;
+-------+-----------+---------+--------------+-------------+--------------+------------+------------+
; 0.014 ; inst2     ; inst2   ; inst2        ; inst1       ; 0.000        ; 0.590      ; 0.793      ;
; 0.505 ; inst2     ; inst2   ; inst2        ; inst1       ; -0.500       ; 0.590      ; 0.784      ;
+-------+-----------+---------+--------------+-------------+--------------+------------+------------+


+---------------------------------------------------------------------------------------------------+
; Fast 1200mV 0C Model Hold: 'CLK'                                                                  ;
+-------+-----------+---------+--------------+-------------+--------------+------------+------------+
; Slack ; From Node ; To Node ; Launch Clock ; Latch Clock ; Relationship ; Clock Skew ; Data Delay ;
+-------+-----------+---------+--------------+-------------+--------------+------------+------------+
; 0.028 ; inst      ; inst    ; inst         ; CLK         ; 0.000        ; 1.177      ; 1.414      ;
; 0.559 ; inst      ; inst    ; inst         ; CLK         ; -0.500       ; 1.177      ; 1.445      ;
+-------+-----------+---------+--------------+-------------+--------------+------------+------------+


+---------------------------------------------------------------------------------------------------+
; Fast 1200mV 0C Model Hold: 'inst2'                                                                ;
+-------+-----------+---------+--------------+-------------+--------------+------------+------------+
; Slack ; From Node ; To Node ; Launch Clock ; Latch Clock ; Relationship ; Clock Skew ; Data Delay ;
+-------+-----------+---------+--------------+-------------+--------------+------------+------------+
; 0.206 ; inst3     ; inst3   ; inst2        ; inst2       ; 0.000        ; 0.024      ; 0.314      ;
+-------+-----------+---------+--------------+-------------+--------------+------------+------------+


+----------------------------------------------------------------------------------------------+
; Fast 1200mV 0C Model Minimum Pulse Width: 'CLK'                                              ;
+--------+--------------+----------------+------------------+-------+------------+-------------+
; Slack  ; Actual Width ; Required Width ; Type             ; Clock ; Clock Edge ; Target      ;
+--------+--------------+----------------+------------------+-------+------------+-------------+
; -3.000 ; 1.000        ; 4.000          ; Port Rate        ; CLK   ; Rise       ; CLK         ;
; -1.000 ; 1.000        ; 2.000          ; Min Period       ; CLK   ; Rise       ; inst        ;
; -0.097 ; 0.087        ; 0.184          ; Low Pulse Width  ; CLK   ; Rise       ; inst        ;
; 0.083  ; 0.083        ; 0.000          ; Low Pulse Width  ; CLK   ; Rise       ; inst|clk    ;
; 0.125  ; 0.125        ; 0.000          ; Low Pulse Width  ; CLK   ; Rise       ; CLK~input|o ;
; 0.500  ; 0.500        ; 0.000          ; High Pulse Width ; CLK   ; Rise       ; CLK~input|i ;
; 0.500  ; 0.500        ; 0.000          ; Low Pulse Width  ; CLK   ; Rise       ; CLK~input|i ;
; 0.693  ; 0.909        ; 0.216          ; High Pulse Width ; CLK   ; Rise       ; inst        ;
; 0.875  ; 0.875        ; 0.000          ; High Pulse Width ; CLK   ; Rise       ; CLK~input|o ;
; 0.915  ; 0.915        ; 0.000          ; High Pulse Width ; CLK   ; Rise       ; inst|clk    ;
+--------+--------------+----------------+------------------+-------+------------+-------------+


+--------------------------------------------------------------------------------------------+
; Fast 1200mV 0C Model Minimum Pulse Width: 'inst'                                           ;
+--------+--------------+----------------+------------------+-------+------------+-----------+
; Slack  ; Actual Width ; Required Width ; Type             ; Clock ; Clock Edge ; Target    ;
+--------+--------------+----------------+------------------+-------+------------+-----------+
; -1.000 ; 1.000        ; 2.000          ; Min Period       ; inst  ; Fall       ; inst1     ;
; 0.245  ; 0.461        ; 0.216          ; High Pulse Width ; inst  ; Fall       ; inst1     ;
; 0.355  ; 0.539        ; 0.184          ; Low Pulse Width  ; inst  ; Fall       ; inst1     ;
; 0.466  ; 0.466        ; 0.000          ; Low Pulse Width  ; inst  ; Rise       ; inst1|clk ;
; 0.500  ; 0.500        ; 0.000          ; High Pulse Width ; inst  ; Rise       ; inst|q    ;
; 0.500  ; 0.500        ; 0.000          ; Low Pulse Width  ; inst  ; Rise       ; inst|q    ;
; 0.533  ; 0.533        ; 0.000          ; High Pulse Width ; inst  ; Rise       ; inst1|clk ;
+--------+--------------+----------------+------------------+-------+------------+-----------+


+--------------------------------------------------------------------------------------------+
; Fast 1200mV 0C Model Minimum Pulse Width: 'inst1'                                          ;
+--------+--------------+----------------+------------------+-------+------------+-----------+
; Slack  ; Actual Width ; Required Width ; Type             ; Clock ; Clock Edge ; Target    ;
+--------+--------------+----------------+------------------+-------+------------+-----------+
; -1.000 ; 1.000        ; 2.000          ; Min Period       ; inst1 ; Fall       ; inst2     ;
; 0.222  ; 0.438        ; 0.216          ; High Pulse Width ; inst1 ; Fall       ; inst2     ;
; 0.377  ; 0.561        ; 0.184          ; Low Pulse Width  ; inst1 ; Fall       ; inst2     ;
; 0.443  ; 0.443        ; 0.000          ; Low Pulse Width  ; inst1 ; Rise       ; inst2|clk ;
; 0.500  ; 0.500        ; 0.000          ; High Pulse Width ; inst1 ; Rise       ; inst1|q   ;
; 0.500  ; 0.500        ; 0.000          ; Low Pulse Width  ; inst1 ; Rise       ; inst1|q   ;
; 0.555  ; 0.555        ; 0.000          ; High Pulse Width ; inst1 ; Rise       ; inst2|clk ;
+--------+--------------+----------------+------------------+-------+------------+-----------+


+--------------------------------------------------------------------------------------------+
; Fast 1200mV 0C Model Minimum Pulse Width: 'inst2'                                          ;
+--------+--------------+----------------+------------------+-------+------------+-----------+
; Slack  ; Actual Width ; Required Width ; Type             ; Clock ; Clock Edge ; Target    ;
+--------+--------------+----------------+------------------+-------+------------+-----------+
; -1.000 ; 1.000        ; 2.000          ; Min Period       ; inst2 ; Fall       ; inst3     ;
; 0.248  ; 0.464        ; 0.216          ; High Pulse Width ; inst2 ; Fall       ; inst3     ;
; 0.352  ; 0.536        ; 0.184          ; Low Pulse Width  ; inst2 ; Fall       ; inst3     ;
; 0.469  ; 0.469        ; 0.000          ; Low Pulse Width  ; inst2 ; Rise       ; inst3|clk ;
; 0.500  ; 0.500        ; 0.000          ; High Pulse Width ; inst2 ; Rise       ; inst2|q   ;
; 0.500  ; 0.500        ; 0.000          ; Low Pulse Width  ; inst2 ; Rise       ; inst2|q   ;
; 0.530  ; 0.530        ; 0.000          ; High Pulse Width ; inst2 ; Rise       ; inst3|clk ;
+--------+--------------+----------------+------------------+-------+------------+-----------+


+-----------------------------------------------------------------------+
; Clock to Output Times                                                 ;
+-----------+------------+-------+-------+------------+-----------------+
; Data Port ; Clock Port ; Rise  ; Fall  ; Clock Edge ; Clock Reference ;
+-----------+------------+-------+-------+------------+-----------------+
; Q0        ; inst       ; 2.459 ;       ; Rise       ; inst            ;
; Q0        ; inst       ;       ; 2.484 ; Fall       ; inst            ;
; Q1        ; inst1      ; 1.977 ;       ; Rise       ; inst1           ;
; Q1        ; inst1      ;       ; 2.015 ; Fall       ; inst1           ;
; Q2        ; inst2      ; 1.887 ;       ; Rise       ; inst2           ;
; Q2        ; inst2      ;       ; 1.916 ; Fall       ; inst2           ;
; Q3        ; inst2      ; 2.441 ; 2.469 ; Fall       ; inst2           ;
+-----------+------------+-------+-------+------------+-----------------+


+-----------------------------------------------------------------------+
; Minimum Clock to Output Times                                         ;
+-----------+------------+-------+-------+------------+-----------------+
; Data Port ; Clock Port ; Rise  ; Fall  ; Clock Edge ; Clock Reference ;
+-----------+------------+-------+-------+------------+-----------------+
; Q0        ; inst       ; 2.404 ;       ; Rise       ; inst            ;
; Q0        ; inst       ;       ; 2.428 ; Fall       ; inst            ;
; Q1        ; inst1      ; 1.917 ;       ; Rise       ; inst1           ;
; Q1        ; inst1      ;       ; 1.954 ; Fall       ; inst1           ;
; Q2        ; inst2      ; 1.832 ;       ; Rise       ; inst2           ;
; Q2        ; inst2      ;       ; 1.859 ; Fall       ; inst2           ;
; Q3        ; inst2      ; 2.357 ; 2.383 ; Fall       ; inst2           ;
+-----------+------------+-------+-------+------------+-----------------+


---------------------------------------------
; Fast 1200mV 0C Model Metastability Report ;
---------------------------------------------
No synchronizer chains to report.


+------------------------------------------------------------------------------+
; Multicorner Timing Analysis Summary                                          ;
+------------------+-------+--------+----------+---------+---------------------+
; Clock            ; Setup ; Hold   ; Recovery ; Removal ; Minimum Pulse Width ;
+------------------+-------+--------+----------+---------+---------------------+
; Worst-case Slack ; 0.061 ; -0.029 ; N/A      ; N/A     ; -3.000              ;
;  CLK             ; 0.061 ; -0.015 ; N/A      ; N/A     ; -3.000              ;
;  inst            ; 0.308 ; -0.029 ; N/A      ; N/A     ; -1.000              ;
;  inst1           ; 0.160 ; 0.014  ; N/A      ; N/A     ; -1.000              ;
;  inst2           ; 0.317 ; 0.206  ; N/A      ; N/A     ; -1.000              ;
; Design-wide TNS  ; 0.0   ; -0.029 ; 0.0      ; 0.0     ; -7.097              ;
;  CLK             ; 0.000 ; -0.015 ; N/A      ; N/A     ; -4.097              ;
;  inst            ; 0.000 ; -0.029 ; N/A      ; N/A     ; -1.000              ;
;  inst1           ; 0.000 ; 0.000  ; N/A      ; N/A     ; -1.000              ;
;  inst2           ; 0.000 ; 0.000  ; N/A      ; N/A     ; -1.000              ;
+------------------+-------+--------+----------+---------+---------------------+


+-----------------------------------------------------------------------+
; Clock to Output Times                                                 ;
+-----------+------------+-------+-------+------------+-----------------+
; Data Port ; Clock Port ; Rise  ; Fall  ; Clock Edge ; Clock Reference ;
+-----------+------------+-------+-------+------------+-----------------+
; Q0        ; inst       ; 3.922 ;       ; Rise       ; inst            ;
; Q0        ; inst       ;       ; 3.897 ; Fall       ; inst            ;
; Q1        ; inst1      ; 3.355 ;       ; Rise       ; inst1           ;
; Q1        ; inst1      ;       ; 3.274 ; Fall       ; inst1           ;
; Q2        ; inst2      ; 3.182 ;       ; Rise       ; inst2           ;
; Q2        ; inst2      ;       ; 3.103 ; Fall       ; inst2           ;
; Q3        ; inst2      ; 4.169 ; 4.087 ; Fall       ; inst2           ;
+-----------+------------+-------+-------+------------+-----------------+


+-----------------------------------------------------------------------+
; Minimum Clock to Output Times                                         ;
+-----------+------------+-------+-------+------------+-----------------+
; Data Port ; Clock Port ; Rise  ; Fall  ; Clock Edge ; Clock Reference ;
+-----------+------------+-------+-------+------------+-----------------+
; Q0        ; inst       ; 2.404 ;       ; Rise       ; inst            ;
; Q0        ; inst       ;       ; 2.428 ; Fall       ; inst            ;
; Q1        ; inst1      ; 1.917 ;       ; Rise       ; inst1           ;
; Q1        ; inst1      ;       ; 1.954 ; Fall       ; inst1           ;
; Q2        ; inst2      ; 1.832 ;       ; Rise       ; inst2           ;
; Q2        ; inst2      ;       ; 1.859 ; Fall       ; inst2           ;
; Q3        ; inst2      ; 2.357 ; 2.383 ; Fall       ; inst2           ;
+-----------+------------+-------+-------+------------+-----------------+


+------------------------------------------------------------------------------------------------------------------------------------------------------------------------------------------------------------------------------------------------------------------------------------------------------------------------------------------------------------------------------------------------------------------+
; Board Trace Model Assignments                                                                                                                                                                                                                                                                                                                                                                                    ;
+---------------+--------------+-------------------+-------------------------+-------------------------+---------------+---------------------+----------------+------------------+--------+------------------+------------------------+------------------------+--------------+---------------+-----------------+-------+---------------------+--------------------+---------------+-----------------+-------------+
; Pin           ; I/O Standard ; Near Tline Length ; Near Tline L per Length ; Near Tline C per Length ; Near Series R ; Near Differential R ; Near Pull-up R ; Near Pull-down R ; Near C ; Far Tline Length ; Far Tline L per Length ; Far Tline C per Length ; Far Series R ; Far Pull-up R ; Far Pull-down R ; Far C ; Termination Voltage ; Far Differential R ; EBD File Name ; EBD Signal Name ; EBD Far-end ;
+---------------+--------------+-------------------+-------------------------+-------------------------+---------------+---------------------+----------------+------------------+--------+------------------+------------------------+------------------------+--------------+---------------+-----------------+-------+---------------------+--------------------+---------------+-----------------+-------------+
; Q0            ; 2.5 V        ; 0 in              ; 0 H/in                  ; 0 F/in                  ; short         ; -                   ; open           ; open             ; open   ; 0 in             ; 0 H/in                 ; 0 F/in                 ; short        ; open          ; open            ; open  ; 0 V                 ; -                  ; n/a           ; n/a             ; n/a         ;
; Q1            ; 2.5 V        ; 0 in              ; 0 H/in                  ; 0 F/in                  ; short         ; -                   ; open           ; open             ; open   ; 0 in             ; 0 H/in                 ; 0 F/in                 ; short        ; open          ; open            ; open  ; 0 V                 ; -                  ; n/a           ; n/a             ; n/a         ;
; Q2            ; 2.5 V        ; 0 in              ; 0 H/in                  ; 0 F/in                  ; short         ; -                   ; open           ; open             ; open   ; 0 in             ; 0 H/in                 ; 0 F/in                 ; short        ; open          ; open            ; open  ; 0 V                 ; -                  ; n/a           ; n/a             ; n/a         ;
; Q3            ; 2.5 V        ; 0 in              ; 0 H/in                  ; 0 F/in                  ; short         ; -                   ; open           ; open             ; open   ; 0 in             ; 0 H/in                 ; 0 F/in                 ; short        ; open          ; open            ; open  ; 0 V                 ; -                  ; n/a           ; n/a             ; n/a         ;
; ~ALTERA_NCEO~ ; 2.5 V        ; 0 in              ; 0 H/in                  ; 0 F/in                  ; short         ; -                   ; open           ; open             ; open   ; 0 in             ; 0 H/in                 ; 0 F/in                 ; short        ; open          ; open            ; open  ; 0 V                 ; -                  ; n/a           ; n/a             ; n/a         ;
; ~ALTERA_DCLK~ ; 2.5 V        ; 0 in              ; 0 H/in                  ; 0 F/in                  ; short         ; -                   ; open           ; open             ; open   ; 0 in             ; 0 H/in                 ; 0 F/in                 ; short        ; open          ; open            ; open  ; 0 V                 ; -                  ; n/a           ; n/a             ; n/a         ;
+---------------+--------------+-------------------+-------------------------+-------------------------+---------------+---------------------+----------------+------------------+--------+------------------+------------------------+------------------------+--------------+---------------+-----------------+-------+---------------------+--------------------+---------------+-----------------+-------------+


+-------------------------------------------------------------------+
; Input Transition Times                                            ;
+----------------+--------------+-----------------+-----------------+
; Pin            ; I/O Standard ; 10-90 Rise Time ; 90-10 Fall Time ;
+----------------+--------------+-----------------+-----------------+
; CLK            ; 2.5 V        ; 2000 ps         ; 2000 ps         ;
; CLR            ; 2.5 V        ; 2000 ps         ; 2000 ps         ;
; ~ALTERA_DATA0~ ; 2.5 V        ; 2000 ps         ; 2000 ps         ;
; ~ALTERA_ASDO~  ; 2.5 V        ; 2000 ps         ; 2000 ps         ;
; ~ALTERA_NCSO~  ; 2.5 V        ; 2000 ps         ; 2000 ps         ;
+----------------+--------------+-----------------+-----------------+


+--------------------------------------------------------------------------------------------------------------------------------------------------------------------------------------------------------------------------------------------------------------------------------------------------------------------------------------------------------------------------------------------------------------------------------------------------------------------------------------------------------------------------------------------------------------------------------------------------------------------------------------------------------------------------------------------+
; Signal Integrity Metrics (Slow 1200mv 0c Model)                                                                                                                                                                                                                                                                                                                                                                                                                                                                                                                                                                                                                                            ;
+---------------+--------------+---------------------+---------------------+------------------------------+------------------------------+---------------------+---------------------+--------------------------------------+--------------------------------------+-----------------------------+-----------------------------+----------------------------+----------------------------+-----------------------------+-----------------------------+--------------------+--------------------+-------------------------------------+-------------------------------------+----------------------------+----------------------------+---------------------------+---------------------------+
; Pin           ; I/O Standard ; Board Delay on Rise ; Board Delay on Fall ; Steady State Voh at FPGA Pin ; Steady State Vol at FPGA Pin ; Voh Max at FPGA Pin ; Vol Min at FPGA Pin ; Ringback Voltage on Rise at FPGA Pin ; Ringback Voltage on Fall at FPGA Pin ; 10-90 Rise Time at FPGA Pin ; 90-10 Fall Time at FPGA Pin ; Monotonic Rise at FPGA Pin ; Monotonic Fall at FPGA Pin ; Steady State Voh at Far-end ; Steady State Vol at Far-end ; Voh Max at Far-end ; Vol Min at Far-end ; Ringback Voltage on Rise at Far-end ; Ringback Voltage on Fall at Far-end ; 10-90 Rise Time at Far-end ; 90-10 Fall Time at Far-end ; Monotonic Rise at Far-end ; Monotonic Fall at Far-end ;
+---------------+--------------+---------------------+---------------------+------------------------------+------------------------------+---------------------+---------------------+--------------------------------------+--------------------------------------+-----------------------------+-----------------------------+----------------------------+----------------------------+-----------------------------+-----------------------------+--------------------+--------------------+-------------------------------------+-------------------------------------+----------------------------+----------------------------+---------------------------+---------------------------+
; Q0            ; 2.5 V        ; 0 s                 ; 0 s                 ; 2.32 V                       ; 7.29e-09 V                   ; 2.34 V              ; -0.00668 V          ; 0.218 V                              ; 0.076 V                              ; 1.92e-09 s                  ; 1.81e-09 s                  ; No                         ; Yes                        ; 2.32 V                      ; 7.29e-09 V                  ; 2.34 V             ; -0.00668 V         ; 0.218 V                             ; 0.076 V                             ; 1.92e-09 s                 ; 1.81e-09 s                 ; No                        ; Yes                       ;
; Q1            ; 2.5 V        ; 0 s                 ; 0 s                 ; 2.32 V                       ; 7.29e-09 V                   ; 2.39 V              ; -0.00317 V          ; 0.179 V                              ; 0.007 V                              ; 4.7e-10 s                   ; 4.72e-10 s                  ; No                         ; Yes                        ; 2.32 V                      ; 7.29e-09 V                  ; 2.39 V             ; -0.00317 V         ; 0.179 V                             ; 0.007 V                             ; 4.7e-10 s                  ; 4.72e-10 s                 ; No                        ; Yes                       ;
; Q2            ; 2.5 V        ; 0 s                 ; 0 s                 ; 2.32 V                       ; 7.29e-09 V                   ; 2.39 V              ; -0.00317 V          ; 0.179 V                              ; 0.007 V                              ; 4.7e-10 s                   ; 4.72e-10 s                  ; No                         ; Yes                        ; 2.32 V                      ; 7.29e-09 V                  ; 2.39 V             ; -0.00317 V         ; 0.179 V                             ; 0.007 V                             ; 4.7e-10 s                  ; 4.72e-10 s                 ; No                        ; Yes                       ;
; Q3            ; 2.5 V        ; 0 s                 ; 0 s                 ; 2.32 V                       ; 7.29e-09 V                   ; 2.39 V              ; -0.00317 V          ; 0.179 V                              ; 0.007 V                              ; 4.7e-10 s                   ; 4.72e-10 s                  ; No                         ; Yes                        ; 2.32 V                      ; 7.29e-09 V                  ; 2.39 V             ; -0.00317 V         ; 0.179 V                             ; 0.007 V                             ; 4.7e-10 s                  ; 4.72e-10 s                 ; No                        ; Yes                       ;
; ~ALTERA_NCEO~ ; 2.5 V        ; 0 s                 ; 0 s                 ; 2.32 V                       ; 4.76e-09 V                   ; 2.4 V               ; -0.034 V            ; 0.102 V                              ; 0.065 V                              ; 2.49e-10 s                  ; 3.49e-10 s                  ; Yes                        ; Yes                        ; 2.32 V                      ; 4.76e-09 V                  ; 2.4 V              ; -0.034 V           ; 0.102 V                             ; 0.065 V                             ; 2.49e-10 s                 ; 3.49e-10 s                 ; Yes                       ; Yes                       ;
; ~ALTERA_DCLK~ ; 2.5 V        ; 0 s                 ; 0 s                 ; 2.32 V                       ; 5.94e-09 V                   ; 2.39 V              ; -0.034 V            ; 0.156 V                              ; 0.09 V                               ; 2.68e-10 s                  ; 2.6e-10 s                   ; Yes                        ; Yes                        ; 2.32 V                      ; 5.94e-09 V                  ; 2.39 V             ; -0.034 V           ; 0.156 V                             ; 0.09 V                              ; 2.68e-10 s                 ; 2.6e-10 s                  ; Yes                       ; Yes                       ;
+---------------+--------------+---------------------+---------------------+------------------------------+------------------------------+---------------------+---------------------+--------------------------------------+--------------------------------------+-----------------------------+-----------------------------+----------------------------+----------------------------+-----------------------------+-----------------------------+--------------------+--------------------+-------------------------------------+-------------------------------------+----------------------------+----------------------------+---------------------------+---------------------------+


+--------------------------------------------------------------------------------------------------------------------------------------------------------------------------------------------------------------------------------------------------------------------------------------------------------------------------------------------------------------------------------------------------------------------------------------------------------------------------------------------------------------------------------------------------------------------------------------------------------------------------------------------------------------------------------------------+
; Signal Integrity Metrics (Slow 1200mv 85c Model)                                                                                                                                                                                                                                                                                                                                                                                                                                                                                                                                                                                                                                           ;
+---------------+--------------+---------------------+---------------------+------------------------------+------------------------------+---------------------+---------------------+--------------------------------------+--------------------------------------+-----------------------------+-----------------------------+----------------------------+----------------------------+-----------------------------+-----------------------------+--------------------+--------------------+-------------------------------------+-------------------------------------+----------------------------+----------------------------+---------------------------+---------------------------+
; Pin           ; I/O Standard ; Board Delay on Rise ; Board Delay on Fall ; Steady State Voh at FPGA Pin ; Steady State Vol at FPGA Pin ; Voh Max at FPGA Pin ; Vol Min at FPGA Pin ; Ringback Voltage on Rise at FPGA Pin ; Ringback Voltage on Fall at FPGA Pin ; 10-90 Rise Time at FPGA Pin ; 90-10 Fall Time at FPGA Pin ; Monotonic Rise at FPGA Pin ; Monotonic Fall at FPGA Pin ; Steady State Voh at Far-end ; Steady State Vol at Far-end ; Voh Max at Far-end ; Vol Min at Far-end ; Ringback Voltage on Rise at Far-end ; Ringback Voltage on Fall at Far-end ; 10-90 Rise Time at Far-end ; 90-10 Fall Time at Far-end ; Monotonic Rise at Far-end ; Monotonic Fall at Far-end ;
+---------------+--------------+---------------------+---------------------+------------------------------+------------------------------+---------------------+---------------------+--------------------------------------+--------------------------------------+-----------------------------+-----------------------------+----------------------------+----------------------------+-----------------------------+-----------------------------+--------------------+--------------------+-------------------------------------+-------------------------------------+----------------------------+----------------------------+---------------------------+---------------------------+
; Q0            ; 2.5 V        ; 0 s                 ; 0 s                 ; 2.32 V                       ; 1.21e-06 V                   ; 2.33 V              ; -0.00286 V          ; 0.193 V                              ; 0.042 V                              ; 2.32e-09 s                  ; 2.21e-09 s                  ; Yes                        ; Yes                        ; 2.32 V                      ; 1.21e-06 V                  ; 2.33 V             ; -0.00286 V         ; 0.193 V                             ; 0.042 V                             ; 2.32e-09 s                 ; 2.21e-09 s                 ; Yes                       ; Yes                       ;
; Q1            ; 2.5 V        ; 0 s                 ; 0 s                 ; 2.32 V                       ; 1.21e-06 V                   ; 2.36 V              ; -0.00833 V          ; 0.113 V                              ; 0.035 V                              ; 6.32e-10 s                  ; 5.89e-10 s                  ; No                         ; Yes                        ; 2.32 V                      ; 1.21e-06 V                  ; 2.36 V             ; -0.00833 V         ; 0.113 V                             ; 0.035 V                             ; 6.32e-10 s                 ; 5.89e-10 s                 ; No                        ; Yes                       ;
; Q2            ; 2.5 V        ; 0 s                 ; 0 s                 ; 2.32 V                       ; 1.21e-06 V                   ; 2.36 V              ; -0.00833 V          ; 0.113 V                              ; 0.035 V                              ; 6.32e-10 s                  ; 5.89e-10 s                  ; No                         ; Yes                        ; 2.32 V                      ; 1.21e-06 V                  ; 2.36 V             ; -0.00833 V         ; 0.113 V                             ; 0.035 V                             ; 6.32e-10 s                 ; 5.89e-10 s                 ; No                        ; Yes                       ;
; Q3            ; 2.5 V        ; 0 s                 ; 0 s                 ; 2.32 V                       ; 1.21e-06 V                   ; 2.36 V              ; -0.00833 V          ; 0.113 V                              ; 0.035 V                              ; 6.32e-10 s                  ; 5.89e-10 s                  ; No                         ; Yes                        ; 2.32 V                      ; 1.21e-06 V                  ; 2.36 V             ; -0.00833 V         ; 0.113 V                             ; 0.035 V                             ; 6.32e-10 s                 ; 5.89e-10 s                 ; No                        ; Yes                       ;
; ~ALTERA_NCEO~ ; 2.5 V        ; 0 s                 ; 0 s                 ; 2.32 V                       ; 7.93e-07 V                   ; 2.37 V              ; -0.0278 V           ; 0.106 V                              ; 0.115 V                              ; 2.69e-10 s                  ; 4.05e-10 s                  ; Yes                        ; Yes                        ; 2.32 V                      ; 7.93e-07 V                  ; 2.37 V             ; -0.0278 V          ; 0.106 V                             ; 0.115 V                             ; 2.69e-10 s                 ; 4.05e-10 s                 ; Yes                       ; Yes                       ;
; ~ALTERA_DCLK~ ; 2.5 V        ; 0 s                 ; 0 s                 ; 2.32 V                       ; 9.76e-07 V                   ; 2.36 V              ; -0.00527 V          ; 0.088 V                              ; 0.006 V                              ; 4.05e-10 s                  ; 3.35e-10 s                  ; Yes                        ; Yes                        ; 2.32 V                      ; 9.76e-07 V                  ; 2.36 V             ; -0.00527 V         ; 0.088 V                             ; 0.006 V                             ; 4.05e-10 s                 ; 3.35e-10 s                 ; Yes                       ; Yes                       ;
+---------------+--------------+---------------------+---------------------+------------------------------+------------------------------+---------------------+---------------------+--------------------------------------+--------------------------------------+-----------------------------+-----------------------------+----------------------------+----------------------------+-----------------------------+-----------------------------+--------------------+--------------------+-------------------------------------+-------------------------------------+----------------------------+----------------------------+---------------------------+---------------------------+


+--------------------------------------------------------------------------------------------------------------------------------------------------------------------------------------------------------------------------------------------------------------------------------------------------------------------------------------------------------------------------------------------------------------------------------------------------------------------------------------------------------------------------------------------------------------------------------------------------------------------------------------------------------------------------------------------+
; Signal Integrity Metrics (Fast 1200mv 0c Model)                                                                                                                                                                                                                                                                                                                                                                                                                                                                                                                                                                                                                                            ;
+---------------+--------------+---------------------+---------------------+------------------------------+------------------------------+---------------------+---------------------+--------------------------------------+--------------------------------------+-----------------------------+-----------------------------+----------------------------+----------------------------+-----------------------------+-----------------------------+--------------------+--------------------+-------------------------------------+-------------------------------------+----------------------------+----------------------------+---------------------------+---------------------------+
; Pin           ; I/O Standard ; Board Delay on Rise ; Board Delay on Fall ; Steady State Voh at FPGA Pin ; Steady State Vol at FPGA Pin ; Voh Max at FPGA Pin ; Vol Min at FPGA Pin ; Ringback Voltage on Rise at FPGA Pin ; Ringback Voltage on Fall at FPGA Pin ; 10-90 Rise Time at FPGA Pin ; 90-10 Fall Time at FPGA Pin ; Monotonic Rise at FPGA Pin ; Monotonic Fall at FPGA Pin ; Steady State Voh at Far-end ; Steady State Vol at Far-end ; Voh Max at Far-end ; Vol Min at Far-end ; Ringback Voltage on Rise at Far-end ; Ringback Voltage on Fall at Far-end ; 10-90 Rise Time at Far-end ; 90-10 Fall Time at Far-end ; Monotonic Rise at Far-end ; Monotonic Fall at Far-end ;
+---------------+--------------+---------------------+---------------------+------------------------------+------------------------------+---------------------+---------------------+--------------------------------------+--------------------------------------+-----------------------------+-----------------------------+----------------------------+----------------------------+-----------------------------+-----------------------------+--------------------+--------------------+-------------------------------------+-------------------------------------+----------------------------+----------------------------+---------------------------+---------------------------+
; Q0            ; 2.5 V        ; 0 s                 ; 0 s                 ; 2.62 V                       ; 4.66e-08 V                   ; 2.65 V              ; -0.0115 V           ; 0.219 V                              ; 0.115 V                              ; 1.64e-09 s                  ; 1.57e-09 s                  ; No                         ; Yes                        ; 2.62 V                      ; 4.66e-08 V                  ; 2.65 V             ; -0.0115 V          ; 0.219 V                             ; 0.115 V                             ; 1.64e-09 s                 ; 1.57e-09 s                 ; No                        ; Yes                       ;
; Q1            ; 2.5 V        ; 0 s                 ; 0 s                 ; 2.62 V                       ; 4.66e-08 V                   ; 2.72 V              ; -0.0215 V           ; 0.161 V                              ; 0.061 V                              ; 4.44e-10 s                  ; 4.06e-10 s                  ; No                         ; Yes                        ; 2.62 V                      ; 4.66e-08 V                  ; 2.72 V             ; -0.0215 V          ; 0.161 V                             ; 0.061 V                             ; 4.44e-10 s                 ; 4.06e-10 s                 ; No                        ; Yes                       ;
; Q2            ; 2.5 V        ; 0 s                 ; 0 s                 ; 2.62 V                       ; 4.66e-08 V                   ; 2.72 V              ; -0.0215 V           ; 0.161 V                              ; 0.061 V                              ; 4.44e-10 s                  ; 4.06e-10 s                  ; No                         ; Yes                        ; 2.62 V                      ; 4.66e-08 V                  ; 2.72 V             ; -0.0215 V          ; 0.161 V                             ; 0.061 V                             ; 4.44e-10 s                 ; 4.06e-10 s                 ; No                        ; Yes                       ;
; Q3            ; 2.5 V        ; 0 s                 ; 0 s                 ; 2.62 V                       ; 4.66e-08 V                   ; 2.72 V              ; -0.0215 V           ; 0.161 V                              ; 0.061 V                              ; 4.44e-10 s                  ; 4.06e-10 s                  ; No                         ; Yes                        ; 2.62 V                      ; 4.66e-08 V                  ; 2.72 V             ; -0.0215 V          ; 0.161 V                             ; 0.061 V                             ; 4.44e-10 s                 ; 4.06e-10 s                 ; No                        ; Yes                       ;
; ~ALTERA_NCEO~ ; 2.5 V        ; 0 s                 ; 0 s                 ; 2.62 V                       ; 3.06e-08 V                   ; 2.86 V              ; -0.0341 V           ; 0.364 V                              ; 0.046 V                              ; 1.17e-10 s                  ; 2.6e-10 s                   ; No                         ; Yes                        ; 2.62 V                      ; 3.06e-08 V                  ; 2.86 V             ; -0.0341 V          ; 0.364 V                             ; 0.046 V                             ; 1.17e-10 s                 ; 2.6e-10 s                  ; No                        ; Yes                       ;
; ~ALTERA_DCLK~ ; 2.5 V        ; 0 s                 ; 0 s                 ; 2.62 V                       ; 3.81e-08 V                   ; 2.72 V              ; -0.0533 V           ; 0.144 V                              ; 0.088 V                              ; 2.55e-10 s                  ; 2.14e-10 s                  ; Yes                        ; Yes                        ; 2.62 V                      ; 3.81e-08 V                  ; 2.72 V             ; -0.0533 V          ; 0.144 V                             ; 0.088 V                             ; 2.55e-10 s                 ; 2.14e-10 s                 ; Yes                       ; Yes                       ;
+---------------+--------------+---------------------+---------------------+------------------------------+------------------------------+---------------------+---------------------+--------------------------------------+--------------------------------------+-----------------------------+-----------------------------+----------------------------+----------------------------+-----------------------------+-----------------------------+--------------------+--------------------+-------------------------------------+-------------------------------------+----------------------------+----------------------------+---------------------------+---------------------------+


+-------------------------------------------------------------------+
; Setup Transfers                                                   ;
+------------+----------+----------+----------+----------+----------+
; From Clock ; To Clock ; RR Paths ; FR Paths ; RF Paths ; FF Paths ;
+------------+----------+----------+----------+----------+----------+
; inst       ; CLK      ; 1        ; 1        ; 0        ; 0        ;
; inst1      ; inst     ; 0        ; 0        ; 1        ; 1        ;
; inst2      ; inst1    ; 0        ; 0        ; 1        ; 1        ;
; inst2      ; inst2    ; 0        ; 0        ; 0        ; 1        ;
+------------+----------+----------+----------+----------+----------+
Entries labeled "false path" only account for clock-to-clock false paths and not path-based false paths. As a result, actual path counts may be lower than reported.


+-------------------------------------------------------------------+
; Hold Transfers                                                    ;
+------------+----------+----------+----------+----------+----------+
; From Clock ; To Clock ; RR Paths ; FR Paths ; RF Paths ; FF Paths ;
+------------+----------+----------+----------+----------+----------+
; inst       ; CLK      ; 1        ; 1        ; 0        ; 0        ;
; inst1      ; inst     ; 0        ; 0        ; 1        ; 1        ;
; inst2      ; inst1    ; 0        ; 0        ; 1        ; 1        ;
; inst2      ; inst2    ; 0        ; 0        ; 0        ; 1        ;
+------------+----------+----------+----------+----------+----------+
Entries labeled "false path" only account for clock-to-clock false paths and not path-based false paths. As a result, actual path counts may be lower than reported.


---------------
; Report TCCS ;
---------------
No dedicated SERDES Transmitter circuitry present in device or used in design


---------------
; Report RSKM ;
---------------
No non-DPA dedicated SERDES Receiver circuitry present in device or used in design


+------------------------------------------------+
; Unconstrained Paths                            ;
+---------------------------------+-------+------+
; Property                        ; Setup ; Hold ;
+---------------------------------+-------+------+
; Illegal Clocks                  ; 0     ; 0    ;
; Unconstrained Clocks            ; 0     ; 0    ;
; Unconstrained Input Ports       ; 1     ; 1    ;
; Unconstrained Input Port Paths  ; 4     ; 4    ;
; Unconstrained Output Ports      ; 4     ; 4    ;
; Unconstrained Output Port Paths ; 4     ; 4    ;
+---------------------------------+-------+------+


+------------------------------------+
; TimeQuest Timing Analyzer Messages ;
+------------------------------------+
Info: *******************************************************************
Info: Running Quartus II 32-bit TimeQuest Timing Analyzer
    Info: Version 13.1.0 Build 162 10/23/2013 SJ Full Version
    Info: Processing started: Tue Mar 18 17:48:57 2025
Info: Command: quartus_sta yi -c yi
Info: qsta_default_script.tcl version: #1
Info (20030): Parallel compilation is enabled and will use 2 of the 2 processors detected
Info (21076): High junction temperature operating condition is not set. Assuming a default value of '85'.
Info (21076): Low junction temperature operating condition is not set. Assuming a default value of '0'.
Critical Warning (332012): Synopsys Design Constraints File file not found: 'yi.sdc'. A Synopsys Design Constraints File is required by the TimeQuest Timing Analyzer to get proper timing constraints. Without it, the Compiler will not properly optimize the design.
Info (332142): No user constrained base clocks found in the design. Calling "derive_clocks -period 1.0"
Info (332105): Deriving Clocks
    Info (332105): create_clock -period 1.000 -name CLK CLK
    Info (332105): create_clock -period 1.000 -name inst inst
    Info (332105): create_clock -period 1.000 -name inst1 inst1
    Info (332105): create_clock -period 1.000 -name inst2 inst2
Info (332143): No user constrained clock uncertainty found in the design. Calling "derive_clock_uncertainty"
Info (332123): Deriving Clock Uncertainty. Please refer to report_sdc in TimeQuest to see clock uncertainties.
Info: Found TIMEQUEST_REPORT_SCRIPT_INCLUDE_DEFAULT_ANALYSIS = ON
Info: Analyzing Slow 1200mV 85C Model
Info (332146): Worst-case setup slack is 0.061
    Info (332119):     Slack       End Point TNS Clock 
    Info (332119): ========= =================== =====================
    Info (332119):     0.061               0.000 CLK 
    Info (332119):     0.160               0.000 inst1 
    Info (332119):     0.308               0.000 inst 
    Info (332119):     0.317               0.000 inst2 
Info (332146): Worst-case hold slack is 0.003
    Info (332119):     Slack       End Point TNS Clock 
    Info (332119): ========= =================== =====================
    Info (332119):     0.003               0.000 inst 
    Info (332119):     0.020               0.000 CLK 
    Info (332119):     0.107               0.000 inst1 
    Info (332119):     0.384               0.000 inst2 
Info (332140): No Recovery paths to report
Info (332140): No Removal paths to report
Critical Warning (332148): Timing requirements not met
    Info (11105): For recommendations on closing timing, run Report Timing Closure Recommendations in the TimeQuest Timing Analyzer.
Info (332146): Worst-case minimum pulse width slack is -3.000
    Info (332119):     Slack       End Point TNS Clock 
    Info (332119): ========= =================== =====================
    Info (332119):    -3.000              -4.000 CLK 
    Info (332119):    -1.000              -1.000 inst 
    Info (332119):    -1.000              -1.000 inst1 
    Info (332119):    -1.000              -1.000 inst2 
Info: Analyzing Slow 1200mV 0C Model
Info (334003): Started post-fitting delay annotation
Info (334004): Delay annotation completed successfully
Info (332123): Deriving Clock Uncertainty. Please refer to report_sdc in TimeQuest to see clock uncertainties.
Info (332146): Worst-case setup slack is 0.119
    Info (332119):     Slack       End Point TNS Clock 
    Info (332119): ========= =================== =====================
    Info (332119):     0.119               0.000 CLK 
    Info (332119):     0.186               0.000 inst1 
    Info (332119):     0.329               0.000 inst 
    Info (332119):     0.398               0.000 inst2 
Critical Warning (332148): Timing requirements not met
    Info (11105): For recommendations on closing timing, run Report Timing Closure Recommendations in the TimeQuest Timing Analyzer.
Info (332146): Worst-case hold slack is -0.015
    Info (332119):     Slack       End Point TNS Clock 
    Info (332119): ========= =================== =====================
    Info (332119):    -0.015              -0.015 CLK 
    Info (332119):     0.008               0.000 inst 
    Info (332119):     0.114               0.000 inst1 
    Info (332119):     0.341               0.000 inst2 
Info (332140): No Recovery paths to report
Info (332140): No Removal paths to report
Info (332146): Worst-case minimum pulse width slack is -3.000
    Info (332119):     Slack       End Point TNS Clock 
    Info (332119): ========= =================== =====================
    Info (332119):    -3.000              -4.000 CLK 
    Info (332119):    -1.000              -1.000 inst 
    Info (332119):    -1.000              -1.000 inst1 
    Info (332119):    -1.000              -1.000 inst2 
Info: Analyzing Fast 1200mV 0C Model
Info (332123): Deriving Clock Uncertainty. Please refer to report_sdc in TimeQuest to see clock uncertainties.
Info (332146): Worst-case setup slack is 0.217
    Info (332119):     Slack       End Point TNS Clock 
    Info (332119): ========= =================== =====================
    Info (332119):     0.217               0.000 CLK 
    Info (332119):     0.354               0.000 inst1 
    Info (332119):     0.413               0.000 inst 
    Info (332119):     0.624               0.000 inst2 
Critical Warning (332148): Timing requirements not met
    Info (11105): For recommendations on closing timing, run Report Timing Closure Recommendations in the TimeQuest Timing Analyzer.
Info (332146): Worst-case hold slack is -0.029
    Info (332119):     Slack       End Point TNS Clock 
    Info (332119): ========= =================== =====================
    Info (332119):    -0.029              -0.029 inst 
    Info (332119):     0.014               0.000 inst1 
    Info (332119):     0.028               0.000 CLK 
    Info (332119):     0.206               0.000 inst2 
Info (332140): No Recovery paths to report
Info (332140): No Removal paths to report
Info (332146): Worst-case minimum pulse width slack is -3.000
    Info (332119):     Slack       End Point TNS Clock 
    Info (332119): ========= =================== =====================
    Info (332119):    -3.000              -4.097 CLK 
    Info (332119):    -1.000              -1.000 inst 
    Info (332119):    -1.000              -1.000 inst1 
    Info (332119):    -1.000              -1.000 inst2 
Info (332102): Design is not fully constrained for setup requirements
Info (332102): Design is not fully constrained for hold requirements
Info: Quartus II 32-bit TimeQuest Timing Analyzer was successful. 0 errors, 4 warnings
    Info: Peak virtual memory: 408 megabytes
    Info: Processing ended: Tue Mar 18 17:49:01 2025
    Info: Elapsed time: 00:00:04
    Info: Total CPU time (on all processors): 00:00:04


